nfp39szm23aa01pcmyosi03slwpeksnfjri3opqp
OK
15817