31.000000000000
10.387610555394
284314.641479492188
142340241.437500000000
313759.253601074219
56.000000000000
280331.722412109375
33.000000000000
40.000000000000
13.500000000000
