65851.349670410156
36358515.000000000000
35.573419950902
140.933647513390
17059.354957580566
