1598.922634601593
354.369288444519
13620.105606079102
55.034819461405
19128947.203125000000
23692.539855957031
859.500014215708
165.077099919319
52.662175811827
22514746.750000000000
918988.563476562500
217.701961159706
25934809.718750000000
12946443.781250000000
132.689802527428
1991874.783203125000
2965.630796432495
62.000000000000
5101.610809326172
45137759.375000000000
