142815.903320312500
3428463.726562500000
67485.445434570312
37.416116144508
3127.874710083008
831.000000000000
2449110.166015625000
26.527314409614
2625.123962402344
43.494903579354
7588.329494476318
2190.204978942871
660293.909179687500
21.500000000000
20244.569061279297
225245.841796875000
93.500000000000
258.000000000000
63199145.468750000000
6780.582519531250
5.955067392439
14.000000000000
45.105746947229
30.500000000000
6569280.875000000000
381.025591135025
90.000000000000
14881589.195312500000
95.483284443617
19.160222457722
817224.324218750000
206.917954385281
11301462.945312500000
28.712079398334
35.226572677493
460908.753906250000
379.343253135681
4344.743408203125
34231.700286865234
66.000000000000
355544.547851562500
69.162758231163
5338.600006103516
182.208291471004
117638616.687500000000
44.786035381258
40538305.406250000000
10789184.718750000000
212334.592773437500
