-1.000000000000
71186653.000000000000
166175904.000000000000
323375432.000000000000
763558931.000000000000
