3313627885.000000000000
5701734576.000000000000
5284916648.000000000000
1867035635.000000000000
2371326783.000000000000
4872870443.000000000000
4928988750.000000000000
3781067292.000000000000
7035274238.000000000000
5254559497.000000000000
