-1.000000000000
-1.000000000000
-1.000000000000
37574925.000000000000
126609413.000000000000
-1.000000000000
-1.000000000000
2515625.000000000000
286520594.000000000000
135752641.000000000000
