43.000000000000
59365158.312500000000
47913.520538330078
37.000000000000
43735528.687500000000
