15811787.304687500000
259486.090332031250
20.005053024644
5488.053131103516
6086979.800781250000
22.000000000000
17.054942117538
22.000000000000
20.000000000000
59.500000000000
34.000000000000
1046595.238281250000
24.000000000000
8023138.554687500000
2527.392745971680
19063.853118896484
23394991.250000000000
24.000005912624
115.019611001015
26660.308593750000
50.002357568640
181974.052368164062
25908637.156250000000
7808.452850341797
232.095718979836
40.005209083618
23036643.468750000000
1584038.753417968750
103630604.812500000000
13631620.156250000000
10788254.812500000000
53236.036987304688
61.000000000000
17.000000000000
9244.871337890625
29.000000005591
10.000000000000
6664500.750000000000
44.000000004861
6736.342365264893
4652497.660156250000
107858.156250000000
4040892.812500000000
175.060866832733
69.000000000000
28043.526321411133
8939655.125000000000
508.691953182220
227769.026611328125
14662895.921875000000
