4604436479.000000000000
3959689549.000000000000
3081184947.000000000000
2878984439.000000000000
3587121437.000000000000
2534081222.000000000000
1718547061.000000000000
4868284834.000000000000
2439965581.000000000000
4280284977.000000000000
