53745087.890625000000
43401156.781250000000
18.000000000000
4774782.031250000000
6170.530178070068
157051.308227539062
14.000000000148
87.004560810446
4186850.093750000000
710.975008487701
57.020674887928
798144.150390625000
556.000000000000
321858.941162109375
8154995.906250000000
782010.235351562500
33.000000000000
69.876551896334
18.000000000000
13.000000000000
