2577935.027832031250
2728.214431762695
1095.972933530807
390.118878483772
16063257.171875000000
72206.278709411621
18420.460845947266
12218474.562500000000
4178898.082031250000
2031.695910453796
