-1.000000000000
2806505467.000000000000
7058408824.000000000000
272797954.000000000000
-1.000000000000
2156140916.000000000000
1446195287.000000000000
-1.000000000000
7134487400.000000000000
293822773.000000000000
