285377401.000000000000
-1.000000000000
-1.000000000000
359531467.500000000000
-1.000000000000
-1.000000000000
752326379.138757228851
-1.000000000000
266786624.500000000000
-1.000000000000
